// Jest Snapshot v1, https://goo.gl/fbAQLP

exports[`test NavBar component renders correctly 1`] = `
"<MemoryRouter>
  <Router history={{...}}>
    <Provider store={{...}}>
      <NavBar>
        <div className=\\"NavBar\\">
          <Link to=\\"/\\" className=\\"NavBar__link\\" replace={false}>
            <a className=\\"NavBar__link\\" onClick={[Function]} href=\\"/\\">
              HOME
            </a>
          </Link>
          <Link to=\\"/recipes\\" className=\\"NavBar__link\\" replace={false}>
            <a className=\\"NavBar__link\\" onClick={[Function]} href=\\"/recipes\\">
              RECIPES
            </a>
          </Link>
          <Link to=\\"/photo_galleries\\" className=\\"NavBar__link\\" replace={false}>
            <a className=\\"NavBar__link\\" onClick={[Function]} href=\\"/photo_galleries\\">
              PHOTO GALLERIES
            </a>
          </Link>
          <Link to=\\"/videos\\" className=\\"NavBar__link\\" replace={false}>
            <a className=\\"NavBar__link\\" onClick={[Function]} href=\\"/videos\\">
              VIDEOS
            </a>
          </Link>
          <Link to=\\"/all_categories\\" className=\\"NavBar__link\\" replace={false}>
            <a className=\\"NavBar__link\\" onClick={[Function]} href=\\"/all_categories\\">
              ALL CATEGORIES
            </a>
          </Link>
        </div>
      </NavBar>
    </Provider>
  </Router>
</MemoryRouter>"
`;
