// Jest Snapshot v1, https://goo.gl/fbAQLP

exports[`test Comment component renders correctly 1`] = `
"<div className=\\"Comment\\">
  <div className=\\"Comment__user-info\\">
    <img alt=\\"User avatar\\" className=\\"Comment__avatar\\" src=\\"test\\" />
    <div className=\\"Comment__info\\">
      post by
      <div className=\\"Comment__user-name\\">
        test
      </div>
      <div className=\\"Comment__date\\">
        test
      </div>
    </div>
    <div className=\\"Comment__likes\\" />
  </div>
  <div className=\\"Comment__text\\">
    test
  </div>
</div>"
`;
