// Jest Snapshot v1, https://goo.gl/fbAQLP

exports[`test RecipeItem component renders correctly 1`] = `
"<div className=\\"RecipeItem\\" onClick={[Function: handleClick]} role=\\"button\\">
  <div className=\\"RecipeItem__img\\">
    <img alt=\\"test\\" src=\\"\\" />
  </div>
  <div className=\\"RecipeItem__description\\">
    <div className=\\"RecipeItem__name\\">
      test
    </div>
    <div className=\\"RecipeItem__stats\\">
      <FontAwesomeIcon icon={{...}} border={false} className=\\"\\" mask={{...}} fixedWidth={false} inverse={false} flip={{...}} listItem={false} pull={{...}} pulse={false} rotation={{...}} size={{...}} spin={false} symbol={false} transform={{...}} />
      0
      mins
    </div>
  </div>
</div>"
`;
