// Jest Snapshot v1, https://goo.gl/fbAQLP

exports[`test Banner component renders correctly 1`] = `
"<div className=\\"Banner\\" style={{...}}>
  <div className=\\"Banner__content\\">
    <div className=\\"Banner__logo\\" />
    <div className=\\"Banner__name\\">
      test1
    </div>
    <div className=\\"Banner__description\\" />
    <Link className=\\"Banner__button\\" to=\\"/cookbook-app/recipe/0\\" replace={false}>
      GET IT RECIPE
    </Link>
  </div>
  <div className=\\"Banner__change-menu\\">
    <div className=\\"Banner__nav-button_active Banner__nav-button\\" onClick={[Function: onClick]} />
    <div className=\\"Banner__nav-button\\" onClick={[Function: onClick]} />
    <div className=\\"Banner__nav-button\\" onClick={[Function: onClick]} />
    <div className=\\"Banner__nav-button\\" onClick={[Function: onClick]} />
    <div className=\\"Banner__nav-button\\" onClick={[Function: onClick]} />
  </div>
</div>"
`;
