// Jest Snapshot v1, https://goo.gl/fbAQLP

exports[`test NavBar component renders correctly 1`] = `
"<MemoryRouter>
  <Router history={{...}}>
    <Provider store={{...}}>
      <Connect(NavBar)>
        <NavBar dispatch={[Function: dispatch]}>
          <div className=\\"NavBar\\">
            <Link to=\\"/\\" className=\\"NavBar__link\\" onClick={[Function: onClick]} replace={false}>
              <a className=\\"NavBar__link\\" onClick={[Function]} href=\\"/\\">
                HOME
              </a>
            </Link>
            <Link to=\\"/recipes\\" className=\\"NavBar__link\\" onClick={[Function: onClick]} replace={false}>
              <a className=\\"NavBar__link\\" onClick={[Function]} href=\\"/recipes\\">
                RECIPES
              </a>
            </Link>
            <Link to=\\"/photos\\" className=\\"NavBar__link\\" onClick={[Function: onClick]} replace={false}>
              <a className=\\"NavBar__link\\" onClick={[Function]} href=\\"/photos\\">
                PHOTO GALLERIES
              </a>
            </Link>
            <Link to=\\"/videos\\" className=\\"NavBar__link\\" onClick={[Function: onClick]} replace={false}>
              <a className=\\"NavBar__link\\" onClick={[Function]} href=\\"/videos\\">
                VIDEOS
              </a>
            </Link>
            <Link to=\\"/userlogin\\" className=\\"NavBar__link\\" onClick={[Function: onClick]} replace={false}>
              <a className=\\"NavBar__link\\" onClick={[Function]} href=\\"/userlogin\\">
                LOGIN
              </a>
            </Link>
          </div>
        </NavBar>
      </Connect(NavBar)>
    </Provider>
  </Router>
</MemoryRouter>"
`;
